#-----------------------------------------------------------
# Vivado v2023.1 (64-bit)
# SW Build 3865809 on Sun May  7 15:05:29 MDT 2023
# IP Build 3864474 on Sun May  7 20:36:21 MDT 2023
# SharedData Build 3865790 on Sun May 07 13:33:03 MDT 2023
# Start of session at: Tue Mar 11 17:15:06 2025
# Process ID: 25200
# Current directory: C:/Users/mauro/Desktop/magistrale/ASD/esercizi vivado/esercizio3_finale/ric_sequence/ric_sequence.runs/impl_1
# Command line: vivado.exe -log control_unit.vdi -applog -product Vivado -messageDb vivado.pb -mode batch -source control_unit.tcl -notrace
# Log file: C:/Users/mauro/Desktop/magistrale/ASD/esercizi vivado/esercizio3_finale/ric_sequence/ric_sequence.runs/impl_1/control_unit.vdi
# Journal file: C:/Users/mauro/Desktop/magistrale/ASD/esercizi vivado/esercizio3_finale/ric_sequence/ric_sequence.runs/impl_1\vivado.jou
# Running On: Lemauro, OS: Windows, CPU Frequency: 2795 MHz, CPU Physical cores: 8, Host memory: 14845 MB
#-----------------------------------------------------------
source control_unit.tcl -notrace
